// Jest Snapshot v1, https://goo.gl/fbAQLP

exports[`components/FieldsetElement should successfully render component 1`] = `
<fieldset id="id-character" name="character" aria-labelledby="id-character-label" aria-describedby="id-character-helper">
  <legend id="id-character-label" for="id-character">Character</legend>
  <p id="id-character-helper" data-fs-helper="true">Your character</p>
  <div data-fs-kind="radio" data-fs-type="radio" data-fs-field="character"><label id="id-character-goku-label" for="id-character-goku">Goku</label>
    <div data-fs-wrapper="2">
      <div data-fs-input="radio"><input id="id-character-goku" type="radio" name="character" value="goku" aria-labelledby="id-character-goku-label" aria-describedby="id-character-goku-helper"></div><span id="id-character-goku-helper" data-fs-helper="true">Main Hero</span>
    </div>
  </div>
  <div data-fs-kind="radio" data-fs-type="radio" data-fs-field="character"><label id="id-character-freezer-label" for="id-character-freezer">Freezer</label>
    <div data-fs-wrapper="2">
      <div data-fs-input="radio"><input id="id-character-freezer" type="radio" name="character" value="freezer" aria-labelledby="id-character-freezer-label" aria-describedby="id-character-freezer-helper" checked="checked"></div><span id="id-character-freezer-helper" data-fs-helper="true">Main Monster</span>
    </div>
  </div>
</fieldset>
`;

exports[`components/FieldsetElement should successfully render component without schema title and description 1`] = `
<fieldset id="id-character" name="character">
  <div data-fs-kind="radio" data-fs-type="radio" data-fs-field="character"><label id="id-character-goku-label" for="id-character-goku">goku</label>
    <div data-fs-input="radio"><input id="id-character-goku" type="radio" name="character" value="goku" aria-labelledby="id-character-goku-label"></div>
  </div>
  <div data-fs-kind="radio" data-fs-type="radio" data-fs-field="character"><label id="id-character-freezer-label" for="id-character-freezer">freezer</label>
    <div data-fs-input="radio"><input id="id-character-freezer" type="radio" name="character" value="freezer" aria-labelledby="id-character-freezer-label"></div>
  </div>
</fieldset>
`;
